// Jest Snapshot v1, https://goo.gl/fbAQLP

exports[`<ProductTileContent /> create product tile content component 1`] = `
<div
  className="fd-product-tile__content"
>
  <h2
    className="fd-product-tile__title"
  >
    Tile Title
  </h2>
  <p>
    Tile Description
  </p>
</div>
`;
