// Jest Snapshot v1, https://goo.gl/fbAQLP

exports[`<ListGroupItemActions /> create list group 1`] = `
<li
  className="fd-list-group__item blue"
>
  <a
    style={
      Object {
        "cursor": "pointer",
      }
    }
  >
    List item 1
  </a>
</li>
`;
