// Jest Snapshot v1, https://goo.gl/fbAQLP

exports[`<ListGroupItemCheckbox /> create list group with checkbox 1`] = `
<ul
  className="fd-list-group"
>
  <li
    className="fd-list-group__item"
  >
    <div
      className="fd-form__item fd-form__item--check"
    >
      <label
        className="fd-form__label"
        htmlFor="CndSd399"
      >
        <input
          className="fd-form__control"
          id="CndSd399"
          type="checkbox"
        />
        List item 1
      </label>
    </div>
  </li>
</ul>
`;
