// Jest Snapshot v1, https://goo.gl/fbAQLP

exports[`<Tree /> create tree component 1`] = `
<ul
  aria-hidden={false}
  className="fd-tree"
  role="tree"
>
  <li
    aria-expanded={false}
    className="fd-tree__item"
    id="fd-1"
    role="treeitem"
  >
    <div
      className="fd-tree__row"
    >
      <div
        className="fd-tree__col fd-tree__col--control"
      >
        First Level
      </div>
    </div>
  </li>
</ul>
`;
