// Jest Snapshot v1, https://goo.gl/fbAQLP

exports[`<FormSelect /> create form select item 1`] = `
<select
  className="fd-form__control"
  id="select-1"
>
  <option
    value="1"
  >
    Duis malesuada odio volutpat elementum
  </option>
  <option
    value="2"
  >
    Suspendisse ante ligula
  </option>
  <option
    value="3"
  >
    Sed bibendum sapien at posuere interdum
  </option>
</select>
`;
