// Jest Snapshot v1, https://goo.gl/fbAQLP

exports[`<Forms /> create form text area item 1`] = `
<textarea
  className="fd-form__control blue"
  id="textarea-1"
>
  Pellentesque metus lacus commodo eget justo ut rutrum varius nunc.
</textarea>
`;
