// Jest Snapshot v1, https://goo.gl/fbAQLP

exports[`<SideNavListItem /> create side navigation 1`] = `
<ul
  className="fd-side-nav__list"
>
  <li
    className="fd-side-nav__item"
  >
    <a
      className="fd-side-nav__link"
      href="/"
      onClick={[Function]}
    >
      Link Item
    </a>
  </li>
  <li
    className="fd-side-nav__item"
  >
    <a
      className="fd-side-nav__link"
      href="/"
      onClick={[Function]}
    >
      Link Item
    </a>
  </li>
  <li
    className="fd-side-nav__item"
  >
    <a
      className="fd-side-nav__link"
      href="/"
      onClick={[Function]}
    >
      Link Item
    </a>
  </li>
  <li
    className="fd-side-nav__item"
  >
    <a
      className="fd-side-nav__link"
      href="/"
      onClick={[Function]}
    >
      Link Item
    </a>
  </li>
  <li
    className="fd-side-nav__item"
  >
    <a
      className="fd-side-nav__link"
      href="/"
      onClick={[Function]}
    >
      Link Item
    </a>
  </li>
</ul>
`;
